C 50000

CE <278>
CH <118>
CP <138>
CR <178>
CB 

F 8

I 305

L * # # # | # x          


R {    1} {0} {} {kera} { } {Inside a warm, friendly inn called the Elephant's Ears[0;37;40m} {} {} {} {} {1.000}
E {    2} {n} {n} {1} {0} {}

R {    2} {0} {} {} { } {Outlands road, outside the Elephant's Ears inn.[0;37;40m} {} {} {} {} {1.000}
E {    1} {s} {s} {4} {0} {}
E {    3} {e} {e} {2} {0} {}
E {   34} {n} {n} {1} {0} {}
E {   35} {w} {w} {8} {0} {}

R {    3} {0} {} {} { } {Outlands road[0;37;40m} {} {} {} {} {1.000}
E {    2} {w} {w} {8} {0} {}
E {    4} {e} {e} {2} {0} {}

R {    4} {0} {} {} { } {Further along Outlands road[0;37;40m} {} {} {} {} {1.000}
E {    3} {w} {w} {8} {0} {}
E {    5} {n} {n} {1} {0} {}
E {    6} {e} {e} {2} {0} {}

R {    5} {0} {} {} { } {A slum dwelling[0;37;40m} {} {} {} {} {1.000}
E {    4} {s} {s} {4} {0} {}

R {    6} {0} {} {} { } {Outlands road[0;37;40m} {} {} {} {} {1.000}
E {    4} {w} {w} {8} {0} {}
E {    7} {e} {e} {2} {0} {}

R {    7} {0} {} {} { } {Outlands road junction with Roach street.[0;37;40m} {} {} {} {} {1.000}
E {    6} {w} {w} {8} {0} {}
E {    8} {n} {n} {1} {0} {}
E {    9} {e} {e} {2} {0} {}
E {  240} {s} {s} {4} {0} {}

R {    8} {0} {} {} { } {An abandoned old dwelling[0;37;40m} {} {} {} {} {1.000}
E {    7} {s} {s} {4} {0} {}

R {    9} {0} {} {} { } {Outlands road[0;37;40m} {} {} {} {} {1.000}
E {    7} {w} {w} {8} {0} {}
E {   10} {e} {e} {2} {0} {}

R {   10} {0} {} {} { } {Outlands road, near the Eastern Gate.[0;37;40m} {} {} {} {} {1.000}
E {    9} {w} {w} {8} {0} {}
E {   11} {e} {e} {2} {0} {}

R {   11} {0} {} {} { } {The East gate.[0;37;40m} {} {} {} {} {1.000}
E {   10} {w} {w} {8} {0} {}
E {   12} {e} {e} {2} {0} {}

R {   12} {0} {} {} { } {Outlands road, near Eastern gate.[0;37;40m} {} {} {} {} {1.000}
E {   11} {w} {w} {8} {0} {}
E {   13} {e} {e} {2} {0} {}

R {   13} {0} {} {} { } {Outlands road, on the bridge over the river.[0;37;40m} {} {} {} {} {1.000}
E {   12} {w} {w} {8} {0} {}
E {   14} {e} {e} {2} {0} {}

R {   14} {0} {} {} { } {Outlands road, south of the Cleric Temple.[0;37;40m} {} {} {} {} {1.000}
E {   13} {w} {w} {8} {0} {}
E {   15} {ne} {ne} {3} {0} {}

R {   15} {0} {} {} { } {Path to the Cleric Temple.[0;37;40m} {} {} {} {} {1.000}
E {   14} {sw} {sw} {12} {0} {}
E {   16} {ne} {ne} {3} {0} {}

R {   16} {0} {} {} { } {Path to the Cleric Temple.[0;37;40m} {} {} {} {} {1.000}
E {   15} {sw} {sw} {12} {0} {}
E {   17} {e} {e} {2} {0} {}

R {   17} {0} {} {} { } {Path to the Cleric Temple.[0;37;40m} {} {} {} {} {1.000}
E {   16} {w} {w} {8} {0} {}
E {   18} {ne} {ne} {3} {0} {}

R {   18} {0} {} {} { } {Entrance to the Cleric Temple.[0;37;40m} {} {} {} {} {1.000}
E {   17} {sw} {sw} {12} {0} {}
E {   19} {n} {n} {1} {0} {}

R {   19} {0} {} {} { } {Lofty Main Temple Area.[0;37;40m} {} {} {} {} {1.000}
E {   18} {s} {s} {4} {0} {}
E {   20} {e} {e} {2} {0} {}
E {   21} {w} {w} {8} {0} {}
E {   22} {n} {n} {1} {0} {}

R {   20} {0} {} {} { } {Cleric Shrine[0;37;40m} {} {} {} {} {1.000}
E {   19} {w} {w} {8} {0} {}

R {   21} {0} {} {} { } {Cleric Temple Alcove[0;37;40m} {} {} {} {} {1.000}
E {   19} {e} {e} {2} {0} {}

R {   22} {0} {} {} { } {Cleric Font and Praying Area.[0;37;40m} {} {} {} {} {1.000}
E {   19} {s} {s} {4} {0} {}
E {   23} {e} {e} {2} {0} {}
E {   24} {w} {w} {8} {0} {}
E {   25} {n} {n} {1} {0} {}

R {   23} {0} {} {} { } {Cleric Shrine[0;37;40m} {} {} {} {} {1.000}
E {   22} {w} {w} {8} {0} {}

R {   24} {0} {} {} { } {Cleric Shrine[0;37;40m} {} {} {} {} {1.000}
E {   22} {e} {e} {2} {0} {}

R {   25} {0} {} {} { } {Cleric Altar and Marriage Hall[0;37;40m} {} {} {} {} {1.000}
E {   22} {s} {s} {4} {0} {}
E {   26} {w} {w} {8} {0} {}
E {   27} {e} {e} {2} {0} {}
E {   28} {n} {n} {1} {0} {}

R {   26} {0} {} {} { } {Cleric Shrine[0;37;40m} {} {} {} {} {1.000}
E {   25} {e} {e} {2} {0} {}

R {   27} {0} {} {} { } {Cleric Shrine[0;37;40m} {} {} {} {} {1.000}
E {   25} {w} {w} {8} {0} {}

R {   28} {0} {} {clerics} { } {The Inner Sanctum[0;37;40m} {} {} {} {} {1.000}
E {   25} {s} {s} {4} {0} {}
E {   29} {w} {w} {8} {0} {}
E {   33} {e} {e} {2} {0} {}

R {   29} {0} {} {} { } {Cleric Temple Alcove[0;37;40m} {} {} {} {} {1.000}
E {   28} {e} {e} {2} {0} {}
E {   30} {n} {n} {1} {0} {}

R {   30} {0} {} {} { } {The Cleric locker room.[0;37;40m} {} {} {} {} {1.000}
E {   29} {s} {s} {4} {0} {}
E {   31} {e} {e} {2} {0} {}

R {   31} {0} {} {} { } {Temple Reading Room[0;37;40m} {} {} {} {} {1.000}
E {   30} {w} {w} {8} {0} {}
E {   32} {e} {e} {2} {0} {}

R {   32} {0} {} {} { } {Cleric Voting Room[0;37;40m} {} {} {} {} {1.000}
E {   31} {w} {w} {8} {0} {}
E {   33} {s} {s} {4} {0} {}

R {   33} {0} {} {} { } {Cleric voting room.[0;37;40m} {} {} {} {} {1.000}
E {   32} {n} {n} {1} {0} {}
E {   28} {w} {w} {8} {0} {}

R {   34} {0} {} {} { } {An old decrepit hovel[0;37;40m} {} {} {} {} {1.000}
E {    2} {s} {s} {4} {0} {}

R {   35} {0} {} {} { } {Outlands road, near the market.[0;37;40m} {} {} {} {} {1.000}
E {    2} {e} {e} {2} {0} {}
E {   36} {w} {w} {8} {0} {}

R {   36} {0} {} {} { } {East side of the market[0;37;40m} {} {} {} {} {1.000}
E {   35} {e} {e} {2} {0} {}
E {   37} {n} {n} {1} {0} {}
E {  156} {s} {s} {4} {0} {}
E {  252} {w} {w} {8} {0} {}

R {   37} {0} {} {aaron} { } {Northeast corner of the market[0;37;40m} {} {} {} {} {1.000}
E {   36} {s} {s} {4} {0} {}
E {   38} {n} {n} {1} {0} {}
E {   99} {w} {w} {8} {0} {}

R {   38} {0} {} {} { } {Northlands Path[0;37;40m} {} {} {} {} {1.000}
E {   37} {s} {s} {4} {0} {}
E {   39} {n} {n} {1} {0} {}

R {   39} {0} {} {} { } {Northlands Path, heading towards Drakenwood Keep[0;37;40m} {} {} {} {} {1.000}
E {   38} {s} {s} {4} {0} {}
E {   40} {ne} {ne} {3} {0} {}
E {  104} {w} {w} {8} {0} {}

R {   40} {0} {} {} { } {Northlands Path, heading towards Drakenwood Keep[0;37;40m} {} {} {} {} {1.000}
E {   39} {sw} {sw} {12} {0} {}
E {   41} {n} {n} {1} {0} {}
E {  155} {e} {e} {2} {0} {}

R {   41} {0} {} {} { } {Northlands Path, heading past Whittlers Lane[0;37;40m} {} {} {} {} {1.000}
E {   40} {s} {s} {4} {0} {}
E {   42} {n} {n} {1} {0} {}

R {   42} {0} {} {} { } {A break in Northlands Path[0;37;40m} {} {} {} {} {1.000}
E {   41} {s} {s} {4} {0} {}
E {   43} {nw} {nw} {9} {0} {}
E {  145} {ne} {ne} {3} {0} {}
E {  144} {n} {n} {1} {0} {}

R {   43} {0} {} {} { } {Northlands Path, near Forest Gate[0;37;40m} {} {} {} {} {1.000}
E {   42} {se} {se} {6} {0} {}
E {   44} {w} {w} {8} {0} {}
E {  144} {e} {e} {2} {0} {}

R {   44} {0} {} {} { } {Northlands Path, near Forest Gate[0;37;40m} {} {} {} {} {1.000}
E {   43} {e} {e} {2} {0} {}
E {   45} {nw} {nw} {9} {0} {}

R {   45} {0} {} {} { } {Northlands Path, heading to Forest Gate[0;37;40m} {} {} {} {} {1.000}
E {   44} {se} {se} {6} {0} {}
E {   46} {nw} {nw} {9} {0} {}

R {   46} {0} {} {} { } {Northlands Path west of Drakenwood Keep[0;37;40m} {} {} {} {} {1.000}
E {   45} {se} {se} {6} {0} {}
E {   47} {n} {n} {1} {0} {}
E {  111} {s} {s} {4} {0} {}

R {   47} {0} {} {} { } {Northlands Path west of Drakenwood Keep[0;37;40m} {} {} {} {} {1.000}
E {   46} {s} {s} {4} {0} {}
E {   48} {n} {n} {1} {0} {}

R {   48} {0} {} {} { } {Northlands Path west of Drakenwood Keep[0;37;40m} {} {} {} {} {1.000}
E {   47} {s} {s} {4} {0} {}
E {   49} {w} {w} {8} {0} {}
E {  124} {e} {e} {2} {0} {}

R {   49} {0} {} {} { } {Northlands Path near Drakenwood Keep[0;37;40m} {} {} {} {} {1.000}
E {   48} {e} {e} {2} {0} {}
E {   50} {w} {w} {8} {0} {}

R {   50} {0} {} {} { } {Forest Gate[0;37;40m} {} {} {} {} {1.000}
E {   49} {e} {e} {2} {0} {}
E {   51} {w} {w} {8} {0} {}

R {   51} {0} {} {} { } {Alders Way, just outside Forest Gate[0;37;40m} {} {} {} {} {1.000}
E {   50} {e} {e} {2} {0} {}
E {   52} {sw} {sw} {12} {0} {}
E {   56} {nw} {nw} {9} {0} {}

R {   52} {0} {} {} { } {Woodsman's Trail.[0;37;40m} {} {} {} {} {1.000}
E {   51} {ne} {ne} {3} {0} {}
E {   53} {sw} {sw} {12} {0} {}

R {   53} {0} {} {} { } {Woodsman's Trail.[0;37;40m} {} {} {} {} {1.000}
E {   52} {ne} {ne} {3} {0} {}
E {   54} {w} {w} {8} {0} {}

R {   54} {0} {} {} { } {Woodsman's Trail.[0;37;40m} {} {} {} {} {1.000}
E {   53} {e} {e} {2} {0} {}
E {   55} {n} {n} {1} {0} {}

R {   55} {0} {} {druids} { } {Inside a Tree[0;37;40m} {} {} {} {} {1.000}
E {   54} {s} {s} {4} {0} {}

R {   56} {0} {} {} { } {Alders Way[0;37;40m} {} {} {} {} {1.000}
E {   51} {se} {se} {6} {0} {}
E {   57} {n} {n} {1} {0} {}

R {   57} {0} {} {} { } {Alders Way, south of Wandering Woods[0;37;40m} {} {} {} {} {1.000}
E {   56} {s} {s} {4} {0} {}
E {   58} {n} {n} {1} {0} {}

R {   58} {0} {} {} { } {Alders Way road through the Wandering Woods[0;37;40m} {} {} {} {} {1.000}
E {   57} {s} {s} {4} {0} {}
E {   59} {n} {n} {1} {0} {}

R {   59} {0} {} {ww} { } {Alders Way through the Wandering Woods[0;37;40m} {} {} {} {} {1.000}
E {   58} {s} {s} {4} {0} {}
E {   60} {w} {w} {8} {0} {}
E {   66} {nw} {nw} {9} {0} {}
E {   71} {n} {n} {1} {0} {}

R {   60} {0} {} {} { } {In Wandering Wood[0;37;40m} {} {} {} {} {1.000}
E {   59} {e} {e} {2} {0} {}
E {   61} {w} {w} {8} {0} {}
E {   79} {sw} {sw} {12} {0} {}

R {   61} {0} {} {} { } {In Wandering Wood[0;37;40m} {} {} {} {} {1.000}
E {   60} {e} {e} {2} {0} {}
E {   62} {w} {w} {8} {0} {}
E {   93} {u} {u} {16} {0} {}

R {   62} {0} {} {} { } {In Wandering Wood[0;37;40m} {} {} {} {} {1.000}
E {   61} {e} {e} {2} {0} {}
E {   63} {nw} {nw} {9} {0} {}
E {   79} {se} {se} {6} {0} {}

R {   63} {0} {} {} { } {In Wandering Wood[0;37;40m} {} {} {} {} {1.000}
E {   62} {se} {se} {6} {0} {}
E {   64} {e} {e} {2} {0} {}

R {   64} {0} {} {} { } {In Wandering Wood[0;37;40m} {} {} {} {} {1.000}
E {   63} {w} {w} {8} {0} {}
E {   65} {e} {e} {2} {0} {}

R {   65} {0} {} {} { } {In Wandering Wood[0;37;40m} {} {} {} {} {1.000}
E {   64} {w} {w} {8} {0} {}
E {   66} {e} {e} {2} {0} {}

R {   66} {0} {} {} { } {In Wandering Wood[0;37;40m} {} {} {} {} {1.000}
E {   65} {w} {w} {8} {0} {}
E {   59} {se} {se} {6} {0} {}
E {   67} {nw} {nw} {9} {0} {}

R {   67} {0} {} {} { } {In Wandering Wood[0;37;40m} {} {} {} {} {1.000}
E {   66} {se} {se} {6} {0} {}
E {   68} {nw} {nw} {9} {0} {}
E {   70} {e} {e} {2} {0} {}

R {   68} {0} {} {} { } {In Wandering Wood[0;37;40m} {} {} {} {} {1.000}
E {   67} {se} {se} {6} {0} {}
E {   69} {w} {w} {8} {0} {}

R {   69} {0} {} {} { } {In Wandering Wood[0;37;40m} {} {} {} {} {1.000}
E {   68} {e} {e} {2} {0} {}

R {   70} {0} {} {} { } {Alders Way, in Wandering Woods[0;37;40m} {} {} {} {} {1.000}
E {   67} {w} {w} {8} {0} {}
E {   71} {se} {se} {6} {0} {}
E {   72} {nw} {nw} {9} {0} {}

R {   71} {0} {} {} { } {Alders Way, in Wandering Woods[0;37;40m} {} {} {} {} {1.000}
E {   70} {nw} {nw} {9} {0} {}
E {   59} {s} {s} {4} {0} {}

R {   72} {0} {} {} { } {Alders Way[0;37;40m} {} {} {} {} {1.000}
E {   70} {se} {se} {6} {0} {}
E {   73} {nw} {nw} {9} {0} {}

R {   73} {0} {} {} { } {Alders Way[0;37;40m} {} {} {} {} {1.000}
E {   72} {se} {se} {6} {0} {}
E {   74} {nw} {nw} {9} {0} {}

R {   74} {0} {} {} { } {A corner along Alders Way[0;37;40m} {} {} {} {} {1.000}
E {   73} {se} {se} {6} {0} {}
E {   75} {w} {w} {8} {0} {}

R {   75} {0} {} {} { } {Alders Way[0;37;40m} {} {} {} {} {1.000}
E {   74} {e} {e} {2} {0} {}
E {   76} {w} {w} {8} {0} {}

R {   76} {0} {} {} { } {Alders Way[0;37;40m} {} {} {} {} {1.000}
E {   75} {e} {e} {2} {0} {}
E {   77} {w} {w} {8} {0} {}

R {   77} {0} {} {} { } {Alders Way[0;37;40m} {} {} {} {} {1.000}
E {   76} {e} {e} {2} {0} {}
E {   78} {w} {w} {8} {0} {}

R {   78} {0} {} {} { } {Alders Way, deep in the forest[0;37;40m} {} {} {} {} {1.000}
E {   77} {e} {e} {2} {0} {}

R {   79} {16} {} {} { } {Deep in the Wandering Woods[0;37;40m} {} {} {} {} {1.000}
E {   60} {ne} {ne} {3} {0} {}
E {   80} {w} {w} {8} {0} {}
E {   62} {nw} {nw} {9} {0} {}

R {   80} {0} {} {} { } {Deep in the Wandering Woods[0;37;40m} {} {} {} {} {1.000}
E {   79} {e} {e} {2} {0} {}
E {   81} {nw} {nw} {9} {0} {}
E {   82} {w} {w} {8} {0} {}

R {   81} {0} {} {} { } {In Wandering Wood[0;37;40m} {} {} {} {} {1.000}
E {   80} {se} {se} {6} {0} {}
E {   83} {w} {w} {8} {0} {}

R {   82} {0} {} {} { } {Deep in the Wandering Woods[0;37;40m} {} {} {} {} {1.000}
E {   80} {e} {e} {2} {0} {}
E {   83} {nw} {nw} {9} {0} {}

R {   83} {0} {} {} { } {In Wandering Wood[0;37;40m} {} {} {} {} {1.000}
E {   82} {se} {se} {6} {0} {}
E {   84} {s} {s} {4} {0} {}
E {   81} {e} {e} {2} {0} {}

R {   84} {0} {} {} { } {In Wandering Wood[0;37;40m} {} {} {} {} {1.000}
E {   83} {n} {n} {1} {0} {}
E {   85} {se} {se} {6} {0} {}
E {   92} {w} {w} {8} {0} {}
E {   86} {s} {s} {4} {0} {}

R {   85} {0} {} {} { } {Deep in the Wandering Woods[0;37;40m} {} {} {} {} {1.000}
E {   84} {nw} {nw} {9} {0} {}
E {   86} {w} {w} {8} {0} {}

R {   86} {0} {} {} { } {In Wandering Wood[0;37;40m} {} {} {} {} {1.000}
E {   85} {e} {e} {2} {0} {}
E {   87} {sw} {sw} {12} {0} {}
E {   84} {n} {n} {1} {0} {}

R {   87} {0} {} {} { } {In Wandering Wood[0;37;40m} {} {} {} {} {1.000}
E {   86} {ne} {ne} {3} {0} {}
E {   88} {w} {w} {8} {0} {}
E {   91} {n} {n} {1} {0} {}

R {   88} {0} {} {} { } {Pine Forest[0;37;40m} {} {} {} {} {1.000}
E {   87} {e} {e} {2} {0} {}
E {   89} {w} {w} {8} {0} {}

R {   89} {0} {} {} { } {Pine Forest[0;37;40m} {} {} {} {} {1.000}
E {   88} {e} {e} {2} {0} {}
E {   90} {w} {w} {8} {0} {}

R {   90} {0} {} {} { } {Dusty Cave[0;37;40m} {} {} {} {} {1.000}
E {   89} {e} {e} {2} {0} {}

R {   91} {0} {} {} { } {In Wandering Wood[0;37;40m} {} {} {} {} {1.000}
E {   87} {s} {s} {4} {0} {}
E {   92} {n} {n} {1} {0} {}

R {   92} {0} {} {} { } {In Wandering Wood[0;37;40m} {} {} {} {} {1.000}
E {   91} {s} {s} {4} {0} {}
E {   84} {e} {e} {2} {0} {}

R {   93} {0} {} {} { } {Overgrown treetop platform.[0;37;40m} {} {} {} {} {1.000}
E {   61} {d} {d} {32} {0} {}
E {   94} {nw} {nw} {9} {0} {}

R {   94} {0} {} {} { } {Treetop platform[0;37;40m} {} {} {} {} {1.000}
E {   93} {se} {se} {6} {0} {}
E {   95} {w} {w} {8} {0} {}

R {   95} {0} {} {} { } {Treetop platform[0;37;40m} {} {} {} {} {1.000}
E {   94} {e} {e} {2} {0} {}
E {   96} {sw} {sw} {12} {0} {}

R {   96} {0} {} {} { } {Platform[0;37;40m} {} {} {} {} {1.000}
E {   95} {ne} {ne} {3} {0} {}
E {   97} {nw} {nw} {9} {0} {}

R {   97} {0} {} {} { } {Treetop garden.[0;37;40m} {} {} {} {} {1.000}
E {   96} {se} {se} {6} {0} {}
E {   98} {n} {n} {1} {0} {}

R {   98} {0} {} {} { } {[0;37;40mTreetop hut.[0;37;40m} {} {} {} {} {1.000}
E {   97} {s} {s} {4} {0} {}

R {   99} {0} {} {} { } {Northwest corner of the market[0;37;40m} {} {} {} {} {1.000}
E {   37} {e} {e} {2} {0} {}
E {  100} {w} {w} {8} {0} {}
E {  252} {s} {s} {4} {0} {}

R {  100} {0} {} {} { } {Great Western Highway, west of Drakenwood Market[0;37;40m} {} {} {} {} {1.000}
E {   99} {e} {e} {2} {0} {}
E {  101} {w} {w} {8} {0} {}
E {  103} {n} {n} {1} {0} {}

R {  101} {0} {} {} { } {Great Western Highway, south of undertakers[0;37;40m} {} {} {} {} {1.000}
E {  100} {e} {e} {2} {0} {}
E {  102} {n} {n} {1} {0} {}
E {  246} {w} {w} {8} {0} {}

R {  102} {0} {} {} { } {[0;37;40mUndertakers[0;37;40m} {} {} {} {} {1.000}
E {  101} {s} {s} {4} {0} {}

R {  103} {0} {} {} { } {The south end of Saint's Way[0;37;40m} {} {} {} {} {1.000}
E {  100} {s} {s} {4} {0} {}
E {  104} {ne} {ne} {3} {0} {}
E {  106} {nw} {nw} {9} {0} {}

R {  104} {0} {} {} { } {Path[0;37;40m} {} {} {} {} {1.000}
E {  103} {sw} {sw} {12} {0} {}
E {   39} {e} {e} {2} {0} {}
E {  105} {w} {w} {8} {0} {}

R {  105} {0} {} {} { } {[0;37;40mHealer's Hut[0;37;40m} {} {} {} {} {1.000}
E {  104} {e} {e} {2} {0} {}

R {  106} {0} {} {} { } {Saint's Way[0;37;40m} {} {} {} {} {1.000}
E {  103} {se} {se} {6} {0} {}
E {  107} {n} {n} {1} {0} {}

R {  107} {0} {} {} { } {Saint's Way, east of a copse wood[0;37;40m} {} {} {} {} {1.000}
E {  106} {s} {s} {4} {0} {}
E {  108} {ne} {ne} {3} {0} {}

R {  108} {0} {} {} { } {A hairpin bend along Saint's Way[0;37;40m} {} {} {} {} {1.000}
E {  107} {sw} {sw} {12} {0} {}
E {  109} {nw} {nw} {9} {0} {}

R {  109} {0} {} {} { } {Saint's Way, east of St Columbine's Church[0;37;40m} {} {} {} {} {1.000}
E {  108} {se} {se} {6} {0} {}
E {  110} {n} {n} {1} {0} {}

R {  110} {0} {} {} { } {Saint's Way[0;37;40m} {} {} {} {} {1.000}
E {  109} {s} {s} {4} {0} {}
E {  111} {n} {n} {1} {0} {}

R {  111} {0} {} {} { } {Saint's Way[0;37;40m} {} {} {} {} {1.000}
E {  110} {s} {s} {4} {0} {}
E {  112} {nw} {nw} {9} {0} {}
E {   46} {n} {n} {1} {0} {}

R {  112} {0} {} {} { } {Saint's Way, north of St Columbine's Church[0;37;40m} {} {} {} {} {1.000}
E {  111} {se} {se} {6} {0} {}
E {  113} {w} {w} {8} {0} {}

R {  113} {0} {} {} { } {Church Gate[0;37;40m} {} {} {} {} {1.000}
E {  112} {e} {e} {2} {0} {}
E {  114} {sw} {sw} {12} {0} {}

R {  114} {0} {} {} { } {Northwest corner of St Columbine's Churchyard[0;37;40m} {} {} {} {} {1.000}
E {  113} {ne} {ne} {3} {0} {}
E {  115} {e} {e} {2} {0} {}
E {  116} {s} {s} {4} {0} {}

R {  115} {0} {} {} { } {Northeast corner of St Columbine's Churchyard[0;37;40m} {} {} {} {} {1.000}
E {  114} {w} {w} {8} {0} {}

R {  116} {0} {} {} { } {Church Porch[0;37;40m} {} {} {} {} {1.000}
E {  114} {n} {n} {1} {0} {}
E {  117} {e} {e} {2} {0} {}
E {  121} {sw} {sw} {12} {0} {}

R {  117} {0} {} {} { } {Church Entrance[0;37;40m} {} {} {} {} {1.000}
E {  116} {w} {w} {8} {0} {}
E {  118} {e} {e} {2} {0} {}

R {  118} {0} {} {} { } {Chapel[0;37;40m} {} {} {} {} {1.000}
E {  117} {w} {w} {8} {0} {}
E {  119} {n} {n} {1} {0} {}
E {  120} {s} {s} {4} {0} {}

R {  119} {0} {} {} { } {Vestry[0;37;40m} {} {} {} {} {1.000}
E {  118} {s} {s} {4} {0} {}

R {  120} {0} {} {} { } {Registry[0;37;40m} {} {} {} {} {1.000}
E {  118} {n} {n} {1} {0} {}

R {  121} {0} {} {} { } {Southwest corner of St Columbine's Churchyard[0;37;40m} {} {} {} {} {1.000}
E {  116} {ne} {ne} {3} {0} {}
E {  122} {e} {e} {2} {0} {}

R {  122} {0} {} {} { } {Southern part of St Columbine's Churchyard[0;37;40m} {} {} {} {} {1.000}
E {  121} {w} {w} {8} {0} {}
E {  123} {e} {e} {2} {0} {}

R {  123} {0} {} {} { } {Southeast corner of St Columbine's Churchyard[0;37;40m} {} {} {} {} {1.000}
E {  122} {w} {w} {8} {0} {}

R {  124} {0} {} {} { } {Western path around the palisade[0;37;40m} {} {} {} {} {1.000}
E {   48} {w} {w} {8} {0} {}
E {  125} {s} {s} {4} {0} {}
E {  143} {n} {n} {1} {0} {}

R {  125} {0} {} {} { } {Western path around the palisade[0;37;40m} {} {} {} {} {1.000}
E {  124} {n} {n} {1} {0} {}
E {  126} {s} {s} {4} {0} {}

R {  126} {0} {} {} { } {Western path around the palisade[0;37;40m} {} {} {} {} {1.000}
E {  125} {n} {n} {1} {0} {}
E {  127} {se} {se} {6} {0} {}

R {  127} {0} {} {} { } {Southern path around the palisade[0;37;40m} {} {} {} {} {1.000}
E {  126} {nw} {nw} {9} {0} {}
E {  128} {e} {e} {2} {0} {}

R {  128} {0} {} {} { } {Southern path around the palisade[0;37;40m} {} {} {} {} {1.000}
E {  127} {w} {w} {8} {0} {}
E {  129} {e} {e} {2} {0} {}

R {  129} {0} {} {} { } {Southern path around the palisade[0;37;40m} {} {} {} {} {1.000}
E {  128} {w} {w} {8} {0} {}
E {  130} {e} {e} {2} {0} {}
E {  144} {s} {s} {4} {0} {}

R {  130} {0} {} {} { } {Southern path around the palisade[0;37;40m} {} {} {} {} {1.000}
E {  129} {w} {w} {8} {0} {}
E {  131} {e} {e} {2} {0} {}

R {  131} {0} {} {} { } {Southern path around the palisade[0;37;40m} {} {} {} {} {1.000}
E {  130} {w} {w} {8} {0} {}
E {  132} {ne} {ne} {3} {0} {}

R {  132} {0} {} {} { } {Eastern path around the palisade[0;37;40m} {} {} {} {} {1.000}
E {  131} {sw} {sw} {12} {0} {}
E {  133} {n} {n} {1} {0} {}

R {  133} {0} {} {} { } {Eastern path around the palisade[0;37;40m} {} {} {} {} {1.000}
E {  132} {s} {s} {4} {0} {}
E {  134} {n} {n} {1} {0} {}
E {  150} {e} {e} {2} {0} {}

R {  134} {0} {} {} { } {Eastern path around the palisade[0;37;40m} {} {} {} {} {1.000}
E {  133} {s} {s} {4} {0} {}
E {  135} {n} {n} {1} {0} {}
E {  151} {e} {e} {2} {0} {}

R {  135} {0} {} {} { } {Eastern path around the palisade[0;37;40m} {} {} {} {} {1.000}
E {  134} {s} {s} {4} {0} {}
E {  136} {n} {n} {1} {0} {}

R {  136} {0} {} {} { } {Eastern path around the palisade[0;37;40m} {} {} {} {} {1.000}
E {  135} {s} {s} {4} {0} {}
E {  137} {nw} {nw} {9} {0} {}

R {  137} {0} {} {} { } {Northern path around the palisade[0;37;40m} {} {} {} {} {1.000}
E {  136} {se} {se} {6} {0} {}
E {  138} {w} {w} {8} {0} {}

R {  138} {0} {} {} { } {Northern path around the palisade[0;37;40m} {} {} {} {} {1.000}
E {  137} {e} {e} {2} {0} {}
E {  139} {w} {w} {8} {0} {}

R {  139} {0} {} {} { } {Northern path around the palisade[0;37;40m} {} {} {} {} {1.000}
E {  138} {e} {e} {2} {0} {}
E {  140} {w} {w} {8} {0} {}

R {  140} {0} {} {} { } {Northern path around the palisade[0;37;40m} {} {} {} {} {1.000}
E {  139} {e} {e} {2} {0} {}
E {  141} {w} {w} {8} {0} {}

R {  141} {0} {} {} { } {Northern path around the palisade[0;37;40m} {} {} {} {} {1.000}
E {  140} {e} {e} {2} {0} {}
E {  142} {sw} {sw} {12} {0} {}

R {  142} {0} {} {} { } {Western path around the palisade[0;37;40m} {} {} {} {} {1.000}
E {  141} {ne} {ne} {3} {0} {}
E {  143} {s} {s} {4} {0} {}

R {  143} {0} {} {} { } {Western path around the palisade[0;37;40m} {} {} {} {} {1.000}
E {  142} {n} {n} {1} {0} {}
E {  124} {s} {s} {4} {0} {}

R {  144} {0} {} {} { } {Northlands Path Crossroads[0;37;40m} {} {} {} {} {1.000}
E {  129} {n} {n} {1} {0} {}
E {   43} {w} {w} {8} {0} {}
E {  145} {e} {e} {2} {0} {}
E {   42} {s} {s} {4} {0} {}

R {  145} {0} {} {} { } {The Greenway[0;37;40m} {} {} {} {} {1.000}
E {  144} {w} {w} {8} {0} {}
E {   42} {sw} {sw} {12} {0} {}
E {  146} {e} {e} {2} {0} {}

R {  146} {0} {} {} { } {The Greenway[0;37;40m} {} {} {} {} {1.000}
E {  145} {w} {w} {8} {0} {}
E {  147} {e} {e} {2} {0} {}

R {  147} {0} {} {} { } {The Greenway[0;37;40m} {} {} {} {} {1.000}
E {  146} {w} {w} {8} {0} {}
E {  148} {ne} {ne} {3} {0} {}

R {  148} {0} {} {} { } {The Greenway[0;37;40m} {} {} {} {} {1.000}
E {  147} {sw} {sw} {12} {0} {}
E {  149} {n} {n} {1} {0} {}

R {  149} {0} {} {} { } {The Greenway, running up to Newbie Gate[0;37;40m} {} {} {} {} {1.000}
E {  148} {s} {s} {4} {0} {}
E {  150} {n} {n} {1} {0} {}

R {  150} {0} {} {} { } {The Greenway, running up to Newbie Gate[0;37;40m} {} {} {} {} {1.000}
E {  149} {s} {s} {4} {0} {}
E {  133} {w} {w} {8} {0} {}
E {  151} {n} {n} {1} {0} {}

R {  151} {0} {} {} { } {The Greenway, east of Drakenwood Keep, heading for Newbie Gate[0;37;40m} {} {} {} {} {1.000}
E {  150} {s} {s} {4} {0} {}
E {  152} {ne} {ne} {3} {0} {}
E {  134} {w} {w} {8} {0} {}

R {  152} {0} {} {} { } {The Greenway, running up to Newbie Gate[0;37;40m} {} {} {} {} {1.000}
E {  151} {sw} {sw} {12} {0} {}
E {  153} {e} {e} {2} {0} {}

R {  153} {0} {} {} { } {The Greenway, running up to Newbie Gate[0;37;40m} {} {} {} {} {1.000}
E {  152} {w} {w} {8} {0} {}
E {  154} {e} {e} {2} {0} {}

R {  154} {0} {} {} { } {Newbie Gate[0;37;40m} {} {} {} {} {1.000}
E {  153} {w} {w} {8} {0} {}

R {  155} {0} {} {stables} { } {Drakenwood Stables[0;37;40m} {} {} {} {} {1.000}
E {   40} {w} {w} {8} {0} {}

R {  156} {0} {} {} { } {Southeast corner of the market[0;37;40m} {} {} {} {} {1.000}
E {   36} {n} {n} {1} {0} {}
E {  157} {e} {e} {2} {0} {}
E {  158} {w} {w} {8} {0} {}
E {  220} {s} {s} {4} {0} {}

R {  157} {0} {} {} { } {The Drakenwood Lamplighters Guild[0;37;40m} {} {} {} {} {1.000}
E {  156} {w} {w} {8} {0} {}

R {  158} {0} {} {} { } {Southwest corner of the market[0;37;40m} {} {} {} {} {1.000}
E {  156} {e} {e} {2} {0} {}
E {  159} {w} {w} {8} {0} {}

R {  159} {0} {} {} { } {Merchant's Walk[0;37;40m} {} {} {} {} {1.000}
E {  158} {e} {e} {2} {0} {}
E {  160} {s} {s} {4} {0} {}
E {  164} {w} {w} {8} {0} {}

R {  160} {0} {} {} { } {Large Lobby[0;37;40m} {} {} {} {} {1.000}
E {  159} {n} {n} {1} {0} {}
E {  161} {e} {e} {2} {0} {}
E {  162} {w} {w} {8} {0} {}

R {  161} {0} {} {} { } {Printing Room[0;37;40m} {} {} {} {} {1.000}
E {  160} {w} {w} {8} {0} {}

R {  162} {0} {} {} { } {Large Lobby[0;37;40m} {} {} {} {} {1.000}
E {  160} {e} {e} {2} {0} {}
E {  163} {w} {w} {8} {0} {}
E {  164} {n} {n} {1} {0} {}

R {  163} {0} {} {} { } {Post Office[0;37;40m} {} {} {} {} {1.000}
E {  162} {e} {e} {2} {0} {}

R {  164} {0} {} {} { } {Merchant's Walk[0;37;40m} {} {} {} {} {1.000}
E {  162} {s} {s} {4} {0} {}
E {  159} {e} {e} {2} {0} {}
E {  165} {w} {w} {8} {0} {}

R {  165} {0} {} {} { } {Merchant's Walk[0;37;40m} {} {} {} {} {1.000}
E {  164} {e} {e} {2} {0} {}
E {  166} {w} {w} {8} {0} {}
E {  168} {sw} {sw} {12} {0} {}

R {  166} {0} {} {} { } {The Weaver's Shop[0;37;40m} {} {} {} {} {1.000}
E {  165} {e} {e} {2} {0} {}
E {  167} {w} {w} {8} {0} {}

R {  167} {0} {} {} { } {The Weaver's Workshop[0;37;40m} {} {} {} {} {1.000}
E {  166} {e} {e} {2} {0} {}

R {  168} {0} {} {} { } {Merchant's Walk[0;37;40m} {} {} {} {} {1.000}
E {  165} {ne} {ne} {3} {0} {}
E {  169} {sw} {sw} {12} {0} {}

R {  169} {0} {} {} { } {A junction with Morrandir Way and Merchant's Walk[0;37;40m} {} {} {} {} {1.000}
E {  168} {ne} {ne} {3} {0} {}
E {  170} {e} {e} {2} {0} {}
E {  172} {w} {w} {8} {0} {}
E {  179} {s} {s} {4} {0} {}

R {  170} {0} {} {} { } {Weaponsmiths[0;37;40m} {} {} {} {} {1.000}
E {  169} {w} {w} {8} {0} {}
E {  171} {e} {e} {2} {0} {}

R {  171} {0} {} {} { } {Workshop[0;37;40m} {} {} {} {} {1.000}
E {  170} {w} {w} {8} {0} {}

R {  172} {0} {} {} { } {Morrandir Way[0;37;40m} {} {} {} {} {1.000}
E {  169} {e} {e} {2} {0} {}
E {  173} {n} {n} {1} {0} {}
E {  174} {s} {s} {4} {0} {}
E {  175} {w} {w} {8} {0} {}

R {  173} {0} {} {} { } {[0;37;40mThe Gemsmiths[0;37;40m} {} {} {} {} {1.000}
E {  172} {s} {s} {4} {0} {}

R {  174} {0} {} {} { } {[0;37;40mParty Shop[0;37;40m} {} {} {} {} {1.000}
E {  172} {n} {n} {1} {0} {}

R {  175} {0} {} {} { } {Morrandir Way[0;37;40m} {} {} {} {} {1.000}
E {  172} {e} {e} {2} {0} {}
E {  176} {s} {s} {4} {0} {}
E {  177} {w} {w} {8} {0} {}

R {  176} {0} {} {} { } {[0;37;40mDel's Adventuring Supplies Store[0;37;40m} {} {} {} {} {1.000}
E {  175} {n} {n} {1} {0} {}

R {  177} {0} {} {} { } {Morrandir Way[0;37;40m} {} {} {} {} {1.000}
E {  175} {e} {e} {2} {0} {}
E {  178} {n} {n} {1} {0} {}

R {  178} {0} {} {} { } {[0;37;40mThe Moneychanger[0;37;40m} {} {} {} {} {1.000}
E {  177} {s} {s} {4} {0} {}

R {  179} {0} {} {} { } {Merchant's Walk[0;37;40m} {} {} {} {} {1.000}
E {  169} {n} {n} {1} {0} {}
E {  180} {se} {se} {6} {0} {}
E {  181} {sw} {sw} {12} {0} {}

R {  180} {0} {} {} { } {[0;37;40mMerchant's Walk[0;37;40m} {} {} {} {} {1.000}
E {  179} {nw} {nw} {9} {0} {}

R {  181} {0} {} {} { } {Merchant's Walk[0;37;40m} {} {} {} {} {1.000}
E {  179} {ne} {ne} {3} {0} {}
E {  182} {w} {w} {8} {0} {}
E {  184} {s} {s} {4} {0} {}

R {  182} {0} {} {} { } {The Drakenwood Times Lobby[0;37;40m} {} {} {} {} {1.000}
E {  181} {e} {e} {2} {0} {}
E {  183} {w} {w} {8} {0} {}

R {  183} {0} {} {} { } {Printing Room[0;37;40m} {} {} {} {} {1.000}
E {  182} {e} {e} {2} {0} {}

R {  184} {0} {} {} { } {Merchant's Walk[0;37;40m} {} {} {} {} {1.000}
E {  181} {n} {n} {1} {0} {}
E {  185} {w} {w} {8} {0} {}
E {  186} {s} {s} {4} {0} {}

R {  185} {0} {} {} { } {[0;37;40mYe olde one-stoppe wedding shoppe[0;37;40m} {} {} {} {} {1.000}
E {  184} {e} {e} {2} {0} {}

R {  186} {0} {} {} { } {Merchant's Walk[0;37;40m} {} {} {} {} {1.000}
E {  184} {n} {n} {1} {0} {}
E {  187} {e} {e} {2} {0} {}
E {  188} {s} {s} {4} {0} {}

R {  187} {0} {} {} { } {[0;37;40mBaitshop[0;37;40m} {} {} {} {} {1.000}
E {  186} {w} {w} {8} {0} {}

R {  188} {0} {} {} { } {Entrance to Drakenwood Docks[0;37;40m} {} {} {} {} {1.000}
E {  186} {n} {n} {1} {0} {}
E {  189} {s} {s} {4} {0} {}
E {  190} {e} {e} {2} {0} {}

R {  189} {0} {} {} { } {Pier 1 of the Port of Drakenwood[0;37;40m} {} {} {} {} {1.000}
E {  188} {n} {n} {1} {0} {}

R {  190} {0} {} {} { } {Drakenwood Docks[0;37;40m} {} {} {} {} {1.000}
E {  188} {w} {w} {8} {0} {}
E {  191} {e} {e} {2} {0} {}

R {  191} {0} {} {} { } {Drakenwood Docks[0;37;40m} {} {} {} {} {1.000}
E {  190} {w} {w} {8} {0} {}
E {  192} {n} {n} {1} {0} {}
E {  198} {e} {e} {2} {0} {}

R {  192} {0} {} {} { } {Warehouse[0;37;40m} {} {} {} {} {1.000}
E {  191} {s} {s} {4} {0} {}
E {  193} {e} {e} {2} {0} {}
E {  197} {n} {n} {1} {0} {}
E {  196} {ne} {ne} {3} {0} {}

R {  193} {0} {} {} { } {Warehouse[0;37;40m} {} {} {} {} {1.000}
E {  192} {w} {w} {8} {0} {}
E {  194} {e} {e} {2} {0} {}
E {  195} {ne} {ne} {3} {0} {}
E {  197} {nw} {nw} {9} {0} {}

R {  194} {0} {} {} { } {Warehouse[0;37;40m} {} {} {} {} {1.000}
E {  193} {w} {w} {8} {0} {}
E {  195} {n} {n} {1} {0} {}
E {  196} {nw} {nw} {9} {0} {}
E {  200} {s} {s} {4} {0} {}

R {  195} {0} {} {} { } {Warehouse[0;37;40m} {} {} {} {} {1.000}
E {  194} {s} {s} {4} {0} {}
E {  196} {w} {w} {8} {0} {}
E {  193} {sw} {sw} {12} {0} {}

R {  196} {0} {} {} { } {Warehouse[0;37;40m} {} {} {} {} {1.000}
E {  195} {e} {e} {2} {0} {}
E {  197} {w} {w} {8} {0} {}
E {  192} {sw} {sw} {12} {0} {}
E {  194} {se} {se} {6} {0} {}

R {  197} {0} {} {} { } {Warehouse[0;37;40m} {} {} {} {} {1.000}
E {  196} {e} {e} {2} {0} {}
E {  192} {s} {s} {4} {0} {}
E {  193} {se} {se} {6} {0} {}

R {  198} {0} {} {} { } {Drakenwood Docks[0;37;40m} {} {} {} {} {1.000}
E {  191} {w} {w} {8} {0} {}
E {  199} {s} {s} {4} {0} {}
E {  200} {e} {e} {2} {0} {}

R {  199} {0} {} {} { } {[0;37;40mThe Andurin Sea[0;37;40m} {} {} {} {} {1.000}
E {  198} {n} {n} {1} {0} {}

R {  200} {0} {} {} { } {Drakenwood Docks[0;37;40m} {} {} {} {} {1.000}
E {  198} {w} {w} {8} {0} {}
E {  194} {n} {n} {1} {0} {}
E {  201} {e} {e} {2} {0} {}

R {  201} {0} {} {} { } {Drakenwood Docks[0;37;40m} {} {} {} {} {1.000}
E {  200} {w} {w} {8} {0} {}
E {  202} {n} {n} {1} {0} {}
E {  203} {s} {s} {4} {0} {}
E {  205} {e} {e} {2} {0} {}

R {  202} {0} {} {} { } {Fishmongers[0;37;40m} {} {} {} {} {1.000}
E {  201} {s} {s} {4} {0} {}

R {  203} {0} {} {} { } {Gangplank[0;37;40m} {} {} {} {} {1.000}
E {  201} {n} {n} {1} {0} {}
E {  204} {s} {s} {4} {0} {}

R {  204} {0} {} {} { } {[0;37;40mThe lieutenant's cabin.[0;37;40m} {} {} {} {} {1.000}
E {  203} {n} {n} {1} {0} {}

R {  205} {0} {} {} { } {Drakenwood Docks[0;37;40m} {} {} {} {} {1.000}
E {  201} {w} {w} {8} {0} {}
E {  206} {n} {n} {1} {0} {}
E {  207} {e} {e} {2} {0} {}

R {  206} {0} {} {} { } {[0;37;40mPort Control Office[0;37;40m} {} {} {} {} {1.000}
E {  205} {s} {s} {4} {0} {}

R {  207} {0} {} {} { } {Drakenwood Docks[0;37;40m} {} {} {} {} {1.000}
E {  205} {w} {w} {8} {0} {}
E {  208} {n} {n} {1} {0} {}
E {  228} {e} {e} {2} {0} {}

R {  208} {0} {} {} { } {Dark Alley north of Drakenwood Docks.[0;37;40m} {} {} {} {} {1.000}
E {  207} {s} {s} {4} {0} {}
E {  209} {n} {n} {1} {0} {}

R {  209} {0} {} {} { } {Alley[0;37;40m} {} {} {} {} {1.000}
E {  208} {s} {s} {4} {0} {}
E {  210} {nw} {nw} {9} {0} {}

R {  210} {0} {} {} { } {Alley[0;37;40m} {} {} {} {} {1.000}
E {  209} {se} {se} {6} {0} {}
E {  211} {w} {w} {8} {0} {}

R {  211} {0} {} {} { } {[0;37;40mAlley[0;37;40m} {} {} {} {} {1.000}
E {  210} {e} {e} {2} {0} {}
E {  212} {nw} {nw} {9} {0} {}

R {  212} {0} {} {} { } {[0;37;40mAlley[0;37;40m} {} {} {} {} {1.000}
E {  211} {se} {se} {6} {0} {}
E {  213} {ne} {ne} {3} {0} {}

R {  213} {0} {} {} { } {[0;37;40mAlley[0;37;40m} {} {} {} {} {1.000}
E {  212} {sw} {sw} {12} {0} {}
E {  214} {e} {e} {2} {0} {}

R {  214} {0} {} {} { } {[0;37;40mAlley[0;37;40m} {} {} {} {} {1.000}
E {  213} {w} {w} {8} {0} {}
E {  215} {se} {se} {6} {0} {}

R {  215} {0} {} {} { } {[0;37;40mAlley[0;37;40m} {} {} {} {} {1.000}
E {  214} {nw} {nw} {9} {0} {}
E {  216} {e} {e} {2} {0} {}

R {  216} {0} {} {} { } {Alley[0;37;40m} {} {} {} {} {1.000}
E {  215} {w} {w} {8} {0} {}
E {  217} {ne} {ne} {3} {0} {}

R {  217} {0} {} {} { } {[0;37;40mCodd Row[0;37;40m} {} {} {} {} {1.000}
E {  216} {sw} {sw} {12} {0} {}
E {  218} {n} {n} {1} {0} {}
E {  219} {nw} {nw} {9} {0} {}
E {  221} {e} {e} {2} {0} {}

R {  218} {0} {} {} { } {Town House[0;37;40m} {} {} {} {} {1.000}
E {  217} {s} {s} {4} {0} {}

R {  219} {0} {} {} { } {Codd Row[0;37;40m} {} {} {} {} {1.000}
E {  217} {se} {se} {6} {0} {}
E {  220} {w} {w} {8} {0} {}

R {  220} {0} {} {} { } {Codd Row[0;37;40m} {} {} {} {} {1.000}
E {  219} {e} {e} {2} {0} {}
E {  156} {n} {n} {1} {0} {}

R {  221} {0} {} {} { } {[0;37;40mRough crossroads in a poor section of town[0;37;40m} {} {} {} {} {1.000}
E {  217} {w} {w} {8} {0} {}
E {  222} {se} {se} {6} {0} {}
E {  233} {e} {e} {2} {0} {}

R {  222} {0} {} {} { } {Codd Row[0;37;40m} {} {} {} {} {1.000}
E {  221} {nw} {nw} {9} {0} {}
E {  223} {se} {se} {6} {0} {}

R {  223} {0} {} {} { } {Codd Row[0;37;40m} {} {} {} {} {1.000}
E {  222} {nw} {nw} {9} {0} {}
E {  224} {sw} {sw} {12} {0} {}

R {  224} {0} {} {} { } {Path[0;37;40m} {} {} {} {} {1.000}
E {  223} {ne} {ne} {3} {0} {}
E {  225} {n} {n} {1} {0} {}
E {  226} {sw} {sw} {12} {0} {}
E {  230} {w} {w} {8} {0} {}

R {  225} {0} {} {} { } {Fishermans house[0;37;40m} {} {} {} {} {1.000}
E {  224} {s} {s} {4} {0} {}

R {  226} {0} {} {} { } {[0;37;40mFisherman's Close[0;37;40m} {} {} {} {} {1.000}
E {  224} {ne} {ne} {3} {0} {}
E {  227} {sw} {sw} {12} {0} {}
E {  230} {n} {n} {1} {0} {}

R {  227} {0} {} {} { } {[0;37;40mPath[0;37;40m} {} {} {} {} {1.000}
E {  226} {ne} {ne} {3} {0} {}
E {  228} {w} {w} {8} {0} {}

R {  228} {0} {} {} { } {Drakenwood Docks[0;37;40m} {} {} {} {} {1.000}
E {  227} {e} {e} {2} {0} {}
E {  207} {w} {w} {8} {0} {}
E {  229} {n} {n} {1} {0} {}

R {  229} {0} {} {} { } {The Seafarer's Arms[0;37;40m} {} {} {} {} {1.000}
E {  228} {s} {s} {4} {0} {}

R {  230} {0} {} {} { } {Fisherman's Close[0;37;40m} {} {} {} {} {1.000}
E {  226} {s} {s} {4} {0} {}
E {  231} {n} {n} {1} {0} {}
E {  224} {e} {e} {2} {0} {}
E {  232} {nw} {nw} {9} {0} {}

R {  231} {0} {} {} { } {Fisherman's house[0;37;40m} {} {} {} {} {1.000}
E {  230} {s} {s} {4} {0} {}

R {  232} {0} {} {} { } {Fishermans house[0;37;40m} {} {} {} {} {1.000}
E {  230} {se} {se} {6} {0} {}

R {  233} {0} {} {} { } {[0;37;40mA turn on filthy looking Roach Street[0;37;40m} {} {} {} {} {1.000}
E {  221} {w} {w} {8} {0} {}
E {  234} {n} {n} {1} {0} {}

R {  234} {0} {} {} { } {A turn on filthy looking Roach Street[0;37;40m} {} {} {} {} {1.000}
E {  233} {s} {s} {4} {0} {}
E {  235} {e} {e} {2} {0} {}
E {  243} {n} {n} {1} {0} {}
E {  244} {w} {w} {8} {0} {}

R {  235} {0} {} {} { } {Half-way along Roach Street[0;37;40m} {} {} {} {} {1.000}
E {  234} {w} {w} {8} {0} {}
E {  236} {e} {e} {2} {0} {}
E {  242} {n} {n} {1} {0} {}

R {  236} {0} {} {} { } {Walking through Roach Street[0;37;40m} {} {} {} {} {1.000}
E {  235} {w} {w} {8} {0} {}
E {  237} {e} {e} {2} {0} {}
E {  240} {n} {n} {1} {0} {}

R {  237} {0} {} {} { } {Amidst a ramshackle collection of houses[0;37;40m} {} {} {} {} {1.000}
E {  236} {w} {w} {8} {0} {}
E {  238} {e} {e} {2} {0} {}
E {  239} {s} {s} {4} {0} {}

R {  238} {0} {} {} { } {Small side-alley in the poor district[0;37;40m} {} {} {} {} {1.000}
E {  237} {w} {w} {8} {0} {}

R {  239} {0} {} {} { } {Reeking collection of refuse[0;37;40m} {} {} {} {} {1.000}
E {  237} {n} {n} {1} {0} {}

R {  240} {0} {} {} { } {At the beginning of Roach Street[0;37;40m} {} {} {} {} {1.000}
E {  236} {s} {s} {4} {0} {}
E {    7} {n} {n} {1} {0} {}
E {  241} {e} {e} {2} {0} {}
E {  242} {w} {w} {8} {0} {}

R {  241} {0} {} {} { } {Inside the Ratcatcher's house[0;37;40m} {} {} {} {} {1.000}
E {  240} {w} {w} {8} {0} {}

R {  242} {0} {} {} { } {A smoky gambling den[0;37;40m} {} {} {} {} {1.000}
E {  240} {e} {e} {2} {0} {}
E {  235} {s} {s} {4} {0} {}

R {  243} {0} {} {} { } {A graffiti covered wall[0;37;40m} {} {} {} {} {1.000}
E {  234} {s} {s} {4} {0} {}

R {  244} {0} {} {} { } {An old house[0;37;40m} {} {} {} {} {1.000}
E {  234} {e} {e} {2} {0} {}
E {  245} {n} {n} {1} {0} {}

R {  245} {0} {} {} { } {An unsafe stairwell[0;37;40m} {} {} {} {} {1.000}
E {  244} {s} {s} {4} {0} {}

R {  246} {0} {} {} { } {Great Western Highway just outside the Mason's Retreat Inn[0;37;40m} {} {} {} {} {1.000}
E {  101} {e} {e} {2} {0} {}
E {  247} {n} {n} {1} {0} {}
E {  248} {w} {w} {8} {0} {}
E {  249} {s} {s} {4} {0} {}

R {  247} {0} {} {} { } {Drakenwood Stagecoach Office[0;37;40m} {} {} {} {} {1.000}
E {  246} {s} {s} {4} {0} {}

R {  248} {0} {} {} { } {Great Western Highway[0;37;40m} {} {} {} {} {1.000}
E {  246} {e} {e} {2} {0} {}
E {  253} {n} {n} {1} {0} {}
E {  263} {s} {s} {4} {0} {}
E {  264} {w} {w} {8} {0} {}

R {  249} {0} {} {} { } {The Mason's Retreat[0;37;40m} {} {} {} {} {1.000}
E {  246} {n} {n} {1} {0} {}
E {  250} {e} {e} {2} {0} {}

R {  250} {0} {} {} { } {[0;37;40mThe Mason's Retreat[0;37;40m} {} {} {} {} {1.000}
E {  249} {w} {w} {8} {0} {}
E {  251} {e} {e} {2} {0} {}

R {  251} {0} {} {} { } {The town well[0;37;40m} {} {} {} {} {1.000}
E {  250} {w} {w} {8} {0} {}
E {  252} {e} {e} {2} {0} {}

R {  252} {0} {} {} { } {West side of the market[0;37;40m} {} {} {} {} {1.000}
E {  251} {w} {w} {8} {0} {}
E {   99} {n} {n} {1} {0} {}
E {   36} {e} {e} {2} {0} {}

R {  253} {0} {} {} { } {Coppice Path[0;37;40m} {} {} {} {} {1.000}
E {  248} {s} {s} {4} {0} {}
E {  254} {n} {n} {1} {0} {}

R {  254} {0} {} {} { } {Southern Copse Wood[0;37;40m} {} {} {} {} {1.000}
E {  253} {s} {s} {4} {0} {}
E {  255} {e} {e} {2} {0} {}
E {  256} {ne} {ne} {3} {0} {}
E {  257} {n} {n} {1} {0} {}

R {  255} {0} {} {} { } {Southeast Copse[0;37;40m} {} {} {} {} {1.000}
E {  254} {w} {w} {8} {0} {}

R {  256} {0} {} {} { } {Eastern Copse[0;37;40m} {} {} {} {} {1.000}
E {  254} {sw} {sw} {12} {0} {}
E {  257} {w} {w} {8} {0} {}

R {  257} {0} {} {} { } {Central Copse[0;37;40m} {} {} {} {} {1.000}
E {  256} {e} {e} {2} {0} {}
E {  254} {s} {s} {4} {0} {}
E {  258} {w} {w} {8} {0} {}
E {  260} {nw} {nw} {9} {0} {}
E {  261} {ne} {ne} {3} {0} {}
E {  259} {n} {n} {1} {0} {}

R {  258} {0} {} {} { } {Western Copse[0;37;40m} {} {} {} {} {1.000}
E {  257} {e} {e} {2} {0} {}
E {  259} {ne} {ne} {3} {0} {}
E {  260} {n} {n} {1} {0} {}

R {  259} {0} {} {} { } {North Copse[0;37;40m} {} {} {} {} {1.000}
E {  258} {sw} {sw} {12} {0} {}
E {  260} {w} {w} {8} {0} {}
E {  261} {e} {e} {2} {0} {}
E {  257} {s} {s} {4} {0} {}

R {  260} {0} {} {} { } {Northwest Copse[0;37;40m} {} {} {} {} {1.000}
E {  259} {e} {e} {2} {0} {}
E {  258} {s} {s} {4} {0} {}
E {  257} {se} {se} {6} {0} {}

R {  261} {0} {} {} { } {Northeast Copse[0;37;40m} {} {} {} {} {1.000}
E {  259} {w} {w} {8} {0} {}
E {  262} {e} {e} {2} {0} {}
E {  257} {sw} {sw} {12} {0} {}

R {  262} {0} {} {} { } {[0;37;40mSage hut[0;37;40m} {} {} {} {} {1.000}
E {  261} {w} {w} {8} {0} {}

R {  263} {0} {} {} { } {[0;37;40mDrakenwood Salon[0;37;40m} {} {} {} {} {1.000}
E {  248} {n} {n} {1} {0} {}

R {  264} {0} {} {} { } {Halfway point of the Great Western Highway[0;37;40m} {} {} {} {} {1.000}
E {  248} {e} {e} {2} {0} {}
E {  265} {s} {s} {4} {0} {}
E {  266} {w} {w} {8} {0} {}

R {  265} {0} {} {} { } {A small house.[0;37;40m} {} {} {} {} {1.000}
E {  264} {n} {n} {1} {0} {}

R {  266} {0} {} {} { } {The Great Western Highway[0;37;40m} {} {} {} {} {1.000}
E {  264} {e} {e} {2} {0} {}
E {  267} {w} {w} {8} {0} {}

R {  267} {0} {} {} { } {The Great Western Highway[0;37;40m} {} {} {} {} {1.000}
E {  266} {e} {e} {2} {0} {}
E {  268} {n} {n} {1} {0} {}
E {  270} {w} {w} {8} {0} {}

R {  268} {0} {} {} { } {Path[0;37;40m} {} {} {} {} {1.000}
E {  267} {s} {s} {4} {0} {}
E {  269} {ne} {ne} {3} {0} {}

R {  269} {0} {} {} { } {[0;37;40mIvy Cottage[0;37;40m} {} {} {} {} {1.000}
E {  268} {sw} {sw} {12} {0} {}

R {  270} {0} {} {} { } {Great Western Highway, just inside West Gate[0;37;40m} {} {} {} {} {1.000}
E {  267} {e} {e} {2} {0} {}
E {  271} {s} {s} {4} {0} {}
E {  273} {w} {w} {8} {0} {}

R {  271} {0} {} {} { } {Gwendolyn's House.[0;37;40m} {} {} {} {} {1.000}
E {  270} {n} {n} {1} {0} {}
E {  272} {e} {e} {2} {0} {}

R {  272} {0} {} {} { } {Gwendolyn's House.[0;37;40m} {} {} {} {} {1.000}
E {  271} {w} {w} {8} {0} {}

R {  273} {0} {} {} { } {West Gate[0;37;40m} {} {} {} {} {1.000}
E {  270} {e} {e} {2} {0} {}
E {  274} {w} {w} {8} {0} {}

R {  274} {0} {} {} { } {On the Great Western Highway[0;37;40m} {} {} {} {} {1.000}
E {  273} {e} {e} {2} {0} {}
E {  275} {n} {n} {1} {0} {}
E {  282} {w} {w} {8} {0} {}

R {  275} {0} {} {} { } {On a path[0;37;40m} {} {} {} {} {1.000}
E {  274} {s} {s} {4} {0} {}
E {  276} {n} {n} {1} {0} {}

R {  276} {0} {} {} { } {Outside the sanctuary[0;37;40m} {} {} {} {} {1.000}
E {  275} {s} {s} {4} {0} {}
E {  277} {w} {w} {8} {0} {}
E {  281} {n} {n} {1} {0} {}

R {  277} {0} {} {} { } {Grassy meadow, southeast corner[0;37;40m} {} {} {} {} {1.000}
E {  276} {e} {e} {2} {0} {}
E {  278} {n} {n} {1} {0} {}
E {  280} {w} {w} {8} {0} {}
E {  279} {nw} {nw} {9} {0} {}

R {  278} {0} {} {} { } {Grassy meadow, northeast corner[0;37;40m} {} {} {} {} {1.000}
E {  277} {s} {s} {4} {0} {}
E {  279} {w} {w} {8} {0} {}
E {  280} {sw} {sw} {12} {0} {}

R {  279} {0} {} {} { } {Grassy meadow, northwest corner.[0;37;40m} {} {} {} {} {1.000}
E {  278} {e} {e} {2} {0} {}
E {  280} {s} {s} {4} {0} {}
E {  277} {se} {se} {6} {0} {}

R {  280} {0} {} {} { } {Grassy meadow, southwest corner[0;37;40m} {} {} {} {} {1.000}
E {  279} {n} {n} {1} {0} {}
E {  277} {e} {e} {2} {0} {}
E {  278} {ne} {ne} {3} {0} {}

R {  281} {0} {} {} { } {[0;37;40mInside a small cottage[0;37;40m} {} {} {} {} {1.000}
E {  276} {s} {s} {4} {0} {}

R {  282} {0} {} {} { } {On the Great Western Highway[0;37;40m} {} {} {} {} {1.000}
E {  274} {e} {e} {2} {0} {}
E {  283} {w} {w} {8} {0} {}

R {  283} {0} {} {} { } {On the Great Western Highway[0;37;40m} {} {} {} {} {1.000}
E {  282} {e} {e} {2} {0} {}
E {  284} {w} {w} {8} {0} {}

R {  284} {0} {} {} { } {On the Great Western Highway[0;37;40m} {} {} {} {} {1.000}
E {  283} {e} {e} {2} {0} {}
E {  285} {w} {w} {8} {0} {}

R {  285} {0} {} {} { } {On the Great Western Highway[0;37;40m} {} {} {} {} {1.000}
E {  284} {e} {e} {2} {0} {}
E {  286} {n} {n} {1} {0} {}
E {  289} {w} {w} {8} {0} {}

R {  286} {0} {} {} { } {A lush meadow[0;37;40m} {} {} {} {} {1.000}
E {  285} {s} {s} {4} {0} {}
E {  287} {n} {n} {1} {0} {}

R {  287} {0} {} {} { } {[0;37;40mField by a mill[0;37;40m} {} {} {} {} {1.000}
E {  286} {s} {s} {4} {0} {}
E {  288} {n} {n} {1} {0} {}

R {  288} {0} {} {} { } {[0;37;40mOutside the Windmill[0;37;40m} {} {} {} {} {1.000}
E {  287} {s} {s} {4} {0} {}

R {  289} {0} {} {} { } {On the Great Western Highway[0;37;40m} {} {} {} {} {1.000}
E {  285} {e} {e} {2} {0} {}
E {  290} {s} {s} {4} {0} {}
E {  291} {w} {w} {8} {0} {}

R {  290} {0} {} {} { } {South of Great Western Highway[0;37;40m} {} {} {} {} {1.000}
E {  289} {n} {n} {1} {0} {}

R {  291} {0} {} {} { } {On the Great Western Highway[0;37;40m} {} {} {} {} {1.000}
E {  289} {e} {e} {2} {0} {}
E {  292} {w} {w} {8} {0} {}

R {  292} {0} {} {} { } {On the Great Western Highway[0;37;40m} {} {} {} {} {1.000}
E {  291} {e} {e} {2} {0} {}
E {  293} {w} {w} {8} {0} {}

R {  293} {0} {} {} { } {On the Great Western Highway[0;37;40m} {} {} {} {} {1.000}
E {  292} {e} {e} {2} {0} {}
E {  294} {w} {w} {8} {0} {}

R {  294} {0} {} {} { } {On the Great Western Highway[0;37;40m} {} {} {} {} {1.000}
E {  293} {e} {e} {2} {0} {}
E {  295} {w} {w} {8} {0} {}

R {  295} {0} {} {} { } {On the Great Western Highway[0;37;40m} {} {} {} {} {1.000}
E {  294} {e} {e} {2} {0} {}
E {  296} {sw} {sw} {12} {0} {}

R {  296} {0} {} {} { } {On the Great Western Highway[0;37;40m} {} {} {} {} {1.000}
E {  295} {ne} {ne} {3} {0} {}
E {  297} {sw} {sw} {12} {0} {}

R {  297} {0} {} {} { } {On the Great Western Highway[0;37;40m} {} {} {} {} {1.000}
E {  296} {ne} {ne} {3} {0} {}
E {  298} {w} {w} {8} {0} {}

R {  298} {0} {} {} { } {On the Great Western Highway[0;37;40m} {} {} {} {} {1.000}
E {  297} {e} {e} {2} {0} {}
E {  299} {w} {w} {8} {0} {}

R {  299} {0} {} {} { } {On the Great Western Highway[0;37;40m} {} {} {} {} {1.000}
E {  298} {e} {e} {2} {0} {}
E {  300} {w} {w} {8} {0} {}

R {  300} {0} {} {} { } {On the Great Western Highway[0;37;40m} {} {} {} {} {1.000}
E {  299} {e} {e} {2} {0} {}
E {  301} {n} {n} {1} {0} {}

R {  301} {0} {} {} { } {The southern end of Rocky Trail[0;37;40m} {} {} {} {} {1.000}
E {  300} {s} {s} {4} {0} {}
E {  302} {n} {n} {1} {0} {}

R {  302} {0} {} {} { } {Rocky Trail[0;37;40m} {} {} {} {} {1.000}
E {  301} {s} {s} {4} {0} {}
E {  303} {n} {n} {1} {0} {}

R {  303} {0} {} {} { } {Rocky Trail[0;37;40m} {} {} {} {} {1.000}
E {  302} {s} {s} {4} {0} {}
E {  304} {nw} {nw} {9} {0} {}

R {  304} {0} {} {} { } {Rocky Trail, inside crevice[0;37;40m} {} {} {} {} {1.000}
E {  303} {se} {se} {6} {0} {}
E {  305} {nw} {nw} {9} {0} {}

R {  305} {0} {} {} { } {[0;37;40mThe Base of a Huge Tower[0;37;40m} {} {} {} {} {1.000}
E {  304} {se} {se} {6} {0} {}
